// Jest Snapshot v1, https://goo.gl/fbAQLP

exports[`test authenticate method Should render error page 1`] = `
[MockFunction] {
  "calls": [
    [
      "Error",
      {
        "error": "Der opstod en fejl som skyldes forkert konfiguration af Bibliotekslogin. Kontakt gerne en administrator på dit bibliotek og gør opmærksom på fejlen.",
        "link": {
          "href": "/login",
          "value": "Prøv igen",
        },
      },
    ],
  ],
  "results": [
    {
      "type": "return",
      "value": undefined,
    },
  ],
}
`;
