// Jest Snapshot v1, https://goo.gl/fbAQLP

exports[`LoggerMiddleware tests Should invoke next and make call to log.error 1`] = `
[
  "parsing of request failed",
  {
    "error": [TypeError: Cannot read property 'baseUrl' of null],
    "req": null,
  },
]
`;

exports[`LoggerMiddleware tests Should invoke next and make call to log.info 1`] = `
[MockFunction] {
  "calls": [
    [
      "page request",
      {
        "baseUrl": "url/path",
        "clientId": "",
        "requestObject": {
          "header": "header",
          "method": "method",
          "params": undefined,
          "query": undefined,
        },
        "responseObject": {
          "message": undefined,
          "status": undefined,
        },
        "timings": {
          "ms": 42,
        },
      },
    ],
  ],
  "results": [
    {
      "type": "return",
      "value": undefined,
    },
  ],
}
`;
