// Jest Snapshot v1, https://goo.gl/fbAQLP

exports[`LoggerMiddleware tests Should invoke next and make call to log.error 1`] = `
Array [
  "parsing of request failed",
  Object {
    "error": [TypeError: Cannot read property 'path' of null],
    "req": null,
  },
]
`;

exports[`LoggerMiddleware tests Should invoke next and make call to log.info 1`] = `
[MockFunction] {
  "calls": Array [
    Array [
      "page request",
      Object {
        "baseUrl": "url",
        "clientId": "",
        "requestObject": Object {
          "header": "header",
          "method": "method",
          "params": undefined,
          "query": undefined,
        },
        "responseObject": Object {
          "message": undefined,
          "status": undefined,
        },
      },
    ],
  ],
  "results": Array [
    Object {
      "type": "return",
      "value": undefined,
    },
  ],
}
`;
